TAP version 13
# basic arithmetic without messages
ok 1 should be strictly equal
not ok 2 should be strictly equal
  ---
    operator: equal
    expected: 666
    actual:   66
    at: Test.<anonymous> (/Users/tbeseda/dev/architect/tap-arc/test/mock/create-mixed-tap.cjs:5:5)
    stack: |-
      Error: should be strictly equal
          at Test.assert [as _assert] (/Users/tbeseda/dev/architect/tap-arc/node_modules/tape/lib/test.js:479:48)
          at Test.strictEqual (/Users/tbeseda/dev/architect/tap-arc/node_modules/tape/lib/test.js:643:7)
          at Test.<anonymous> (/Users/tbeseda/dev/architect/tap-arc/test/mock/create-mixed-tap.cjs:5:5)
          at Test.run (/Users/tbeseda/dev/architect/tap-arc/node_modules/tape/lib/test.js:113:28)
          at Immediate.next [as _onImmediate] (/Users/tbeseda/dev/architect/tap-arc/node_modules/tape/lib/results.js:157:7)
          at process.processImmediate (node:internal/timers:476:21)
  ...
# logging inside a test
Logging from a test can be helpful
[?25l
This one is multiline
there should be no empty lines.
# deep equality
ok 3 An Array pass
ok 4 And Object pass
ok 5 Skipping an arbitrary test # SKIP
not ok 6 An Array failure
  ---
    operator: deepEqual
    expected: [ 3, 4, 5 ]
    actual:   [ 3, 4, 6 ]
    at: Test.<anonymous> (/Users/tbeseda/dev/architect/tap-arc/test/mock/create-mixed-tap.cjs:25:5)
    stack: |-
      Error: An Array failure
          at Test.assert [as _assert] (/Users/tbeseda/dev/architect/tap-arc/node_modules/tape/lib/test.js:479:48)
          at Test.tapeDeepEqual (/Users/tbeseda/dev/architect/tap-arc/node_modules/tape/lib/test.js:720:7)
          at Test.<anonymous> (/Users/tbeseda/dev/architect/tap-arc/test/mock/create-mixed-tap.cjs:25:5)
          at Test.run (/Users/tbeseda/dev/architect/tap-arc/node_modules/tape/lib/test.js:113:28)
          at Immediate.next [as _onImmediate] (/Users/tbeseda/dev/architect/tap-arc/node_modules/tape/lib/results.js:157:7)
          at process.processImmediate (node:internal/timers:476:21)
  ...
not ok 7 An Object failure
  ---
    operator: deepEqual
    expected: |-
      { a: 7, b: [ 12, 9 ] }
    actual: |-
      { a: 7, b: [ 8, 9 ] }
    at: Test.<anonymous> (/Users/tbeseda/dev/architect/tap-arc/test/mock/create-mixed-tap.cjs:26:5)
    stack: |-
      Error: An Object failure
          at Test.assert [as _assert] (/Users/tbeseda/dev/architect/tap-arc/node_modules/tape/lib/test.js:479:48)
          at Test.tapeDeepEqual (/Users/tbeseda/dev/architect/tap-arc/node_modules/tape/lib/test.js:720:7)
          at Test.<anonymous> (/Users/tbeseda/dev/architect/tap-arc/test/mock/create-mixed-tap.cjs:26:5)
          at Test.run (/Users/tbeseda/dev/architect/tap-arc/node_modules/tape/lib/test.js:113:28)
          at Immediate.next [as _onImmediate] (/Users/tbeseda/dev/architect/tap-arc/node_modules/tape/lib/results.js:157:7)
          at process.processImmediate (node:internal/timers:476:21)
  ...
# comparing booleans
ok 8 A passing Boolean
not ok 9 A failing Boolean
  ---
    operator: ok
    expected: true
    actual:   false
    at: Test.<anonymous> (/Users/tbeseda/dev/architect/tap-arc/test/mock/create-mixed-tap.cjs:33:5)
    stack: |-
      Error: A failing Boolean
          at Test.assert [as _assert] (/Users/tbeseda/dev/architect/tap-arc/node_modules/tape/lib/test.js:479:48)
          at Test.assert (/Users/tbeseda/dev/architect/tap-arc/node_modules/tape/lib/test.js:598:7)
          at Test.<anonymous> (/Users/tbeseda/dev/architect/tap-arc/test/mock/create-mixed-tap.cjs:33:5)
          at Test.run (/Users/tbeseda/dev/architect/tap-arc/node_modules/tape/lib/test.js:113:28)
          at Immediate.next [as _onImmediate] (/Users/tbeseda/dev/architect/tap-arc/node_modules/tape/lib/results.js:157:7)
          at process.processImmediate (node:internal/timers:476:21)
  ...
ok 10 A passing !Boolean
not ok 11 A failing !Boolean
  ---
    operator: notOk
    expected: false
    actual:   true
    at: Test.<anonymous> (/Users/tbeseda/dev/architect/tap-arc/test/mock/create-mixed-tap.cjs:35:5)
    stack: |-
      Error: A failing !Boolean
          at Test.assert [as _assert] (/Users/tbeseda/dev/architect/tap-arc/node_modules/tape/lib/test.js:479:48)
          at Test.notOK (/Users/tbeseda/dev/architect/tap-arc/node_modules/tape/lib/test.js:612:7)
          at Test.<anonymous> (/Users/tbeseda/dev/architect/tap-arc/test/mock/create-mixed-tap.cjs:35:5)
          at Test.run (/Users/tbeseda/dev/architect/tap-arc/node_modules/tape/lib/test.js:113:28)
          at Immediate.next [as _onImmediate] (/Users/tbeseda/dev/architect/tap-arc/node_modules/tape/lib/results.js:157:7)
          at process.processImmediate (node:internal/timers:476:21)
  ...
# iterators
not ok 12 Simple ifError 1
  ---
    operator: error
    at: <anonymous> (/Users/tbeseda/dev/architect/tap-arc/test/mock/create-mixed-tap.cjs:42:7)
  ...
ok 13 Simple ifError 2
not ok 14 Error: "x" is 3. Halt and catch fire!
  ---
    operator: error
    at: <anonymous> (/Users/tbeseda/dev/architect/tap-arc/test/mock/create-mixed-tap.cjs:46:7)
    stack: |-
      Error: "x" is 3. Halt and catch fire!
          at /Users/tbeseda/dev/architect/tap-arc/test/mock/create-mixed-tap.cjs:46:13
          at Array.map (<anonymous>)
          at Test.<anonymous> (/Users/tbeseda/dev/architect/tap-arc/test/mock/create-mixed-tap.cjs:45:9)
          at Test.run (/Users/tbeseda/dev/architect/tap-arc/node_modules/tape/lib/test.js:113:28)
          at Immediate.next [as _onImmediate] (/Users/tbeseda/dev/architect/tap-arc/node_modules/tape/lib/results.js:157:7)
          at process.processImmediate (node:internal/timers:476:21)
  ...
# nested
# (anonymous)
not ok 15 Sub-test match fail
  ---
    operator: match
    expected: /^A/
    actual:   'atreides'
    at: Test.<anonymous> (/Users/tbeseda/dev/architect/tap-arc/test/mock/create-mixed-tap.cjs:55:8)
    stack: |-
      Error: Sub-test match fail
          at Test.assert [as _assert] (/Users/tbeseda/dev/architect/tap-arc/node_modules/tape/lib/test.js:479:48)
          at Test.match (/Users/tbeseda/dev/architect/tap-arc/node_modules/tape/lib/test.js:900:8)
          at Test.<anonymous> (/Users/tbeseda/dev/architect/tap-arc/test/mock/create-mixed-tap.cjs:55:8)
          at Test.run (/Users/tbeseda/dev/architect/tap-arc/node_modules/tape/lib/test.js:113:28)
          at Test._end (/Users/tbeseda/dev/architect/tap-arc/node_modules/tape/lib/test.js:385:5)
          at Immediate._onImmediate (/Users/tbeseda/dev/architect/tap-arc/node_modules/tape/lib/test.js:160:9)
          at process.processImmediate (node:internal/timers:476:21)
  ...
not ok 16 Sub-test doesNotMatch fail
  ---
    operator: doesNotMatch
    expected: |-
      /[0-9]/
    actual: |-
      'Hark0nnen'
    at: Test.<anonymous> (/Users/tbeseda/dev/architect/tap-arc/test/mock/create-mixed-tap.cjs:56:8)
    stack: |-
      Error: Sub-test doesNotMatch fail
          at Test.assert [as _assert] (/Users/tbeseda/dev/architect/tap-arc/node_modules/tape/lib/test.js:479:48)
          at Test.doesNotMatch (/Users/tbeseda/dev/architect/tap-arc/node_modules/tape/lib/test.js:933:8)
          at Test.<anonymous> (/Users/tbeseda/dev/architect/tap-arc/test/mock/create-mixed-tap.cjs:56:8)
          at Test.run (/Users/tbeseda/dev/architect/tap-arc/node_modules/tape/lib/test.js:113:28)
          at Test._end (/Users/tbeseda/dev/architect/tap-arc/node_modules/tape/lib/test.js:385:5)
          at Immediate._onImmediate (/Users/tbeseda/dev/architect/tap-arc/node_modules/tape/lib/test.js:160:9)
          at process.processImmediate (node:internal/timers:476:21)
  ...
ok 17 Sub-test match pass
ok 18 Sub-test doesNotMatch pass
# Delayed sub-test
ok 19 Delayed sub-test pass
not ok 20 Delayed sub-test fail
  ---
    operator: fail
    at: Timeout._onTimeout (/Users/tbeseda/dev/architect/tap-arc/test/mock/create-mixed-tap.cjs:65:10)
    stack: |-
      Error: Delayed sub-test fail
          at Test.assert [as _assert] (/Users/tbeseda/dev/architect/tap-arc/node_modules/tape/lib/test.js:479:48)
          at Test.fail (/Users/tbeseda/dev/architect/tap-arc/node_modules/tape/lib/test.js:573:7)
          at Timeout._onTimeout (/Users/tbeseda/dev/architect/tap-arc/test/mock/create-mixed-tap.cjs:65:10)
          at listOnTimeout (node:internal/timers:569:17)
          at process.processTimers (node:internal/timers:512:7)
  ...
# throws
not ok 21 A failing throws
  ---
    operator: throws
    expected: undefined
    actual:   undefined
    at: Test.<anonymous> (/Users/tbeseda/dev/architect/tap-arc/test/mock/create-mixed-tap.cjs:73:5)
    stack: |-
      Error: A failing throws
          at Test.assert [as _assert] (/Users/tbeseda/dev/architect/tap-arc/node_modules/tape/lib/test.js:479:48)
          at Test.throws (/Users/tbeseda/dev/architect/tap-arc/node_modules/tape/lib/test.js:846:7)
          at Test.<anonymous> (/Users/tbeseda/dev/architect/tap-arc/test/mock/create-mixed-tap.cjs:73:5)
          at Test.run (/Users/tbeseda/dev/architect/tap-arc/node_modules/tape/lib/test.js:113:28)
          at Immediate.next [as _onImmediate] (/Users/tbeseda/dev/architect/tap-arc/node_modules/tape/lib/results.js:157:7)
          at process.processImmediate (node:internal/timers:476:21)
  ...
not ok 22 A failing doesNotThrow
  ---
    operator: throws
    expected: undefined
    actual:   'Spice'
    at: Test.<anonymous> (/Users/tbeseda/dev/architect/tap-arc/test/mock/create-mixed-tap.cjs:77:5)
  ...
# TODO some TODO tests
ok 23 Tests todo aren't really tests # TODO
not ok 24 Test the actual library # TODO
  ---
    operator: fail
    at: Test.<anonymous> (/Users/tbeseda/dev/architect/tap-arc/test/mock/create-mixed-tap.cjs:86:5)
  ...

1..24
# tests 24
# pass  12
# fail  12

