TAP version 13
# Sample passing tests
ok 1 Regex: match pass
Arbitrary logs supported
ok 2 Regex: doesNotMatch pass
ok 3 A deeply equal array
ok 4 A skipped test # SKIP
ok 5 A deeply equal object
# TODO Some tests marked as "todo"
ok 6 A passing TODO # TODO
not ok 7 A failing TODO # TODO
  ---
    operator: fail
    at: Test.<anonymous> (/Users/tbeseda/dev/architect/tap-arc/test/mock/create-simple-tap.cjs:19:7)
  ...
# Some failing tests
not ok 8 should be strictly equal
  ---
    operator: equal
    expected: 666
    actual:   66
    at: Test.<anonymous> (/Users/tbeseda/dev/architect/tap-arc/test/mock/create-simple-tap.cjs:27:5)
    stack: |-
      Error: should be strictly equal
          at Test.assert [as _assert] (/Users/tbeseda/dev/architect/tap-arc/node_modules/tape/lib/test.js:479:48)
          at Test.strictEqual (/Users/tbeseda/dev/architect/tap-arc/node_modules/tape/lib/test.js:643:7)
          at Test.<anonymous> (/Users/tbeseda/dev/architect/tap-arc/test/mock/create-simple-tap.cjs:27:5)
          at Test.run (/Users/tbeseda/dev/architect/tap-arc/node_modules/tape/lib/test.js:113:28)
          at Immediate.next [as _onImmediate] (/Users/tbeseda/dev/architect/tap-arc/node_modules/tape/lib/results.js:157:7)
          at process.processImmediate (node:internal/timers:476:21)
  ...
not ok 9 should be strictly equal
  ---
    operator: equal
    expected: 'Good dog'
    actual:   'Bad dog'
    at: Test.<anonymous> (/Users/tbeseda/dev/architect/tap-arc/test/mock/create-simple-tap.cjs:28:5)
    stack: |-
      Error: should be strictly equal
          at Test.assert [as _assert] (/Users/tbeseda/dev/architect/tap-arc/node_modules/tape/lib/test.js:479:48)
          at Test.strictEqual (/Users/tbeseda/dev/architect/tap-arc/node_modules/tape/lib/test.js:643:7)
          at Test.<anonymous> (/Users/tbeseda/dev/architect/tap-arc/test/mock/create-simple-tap.cjs:28:5)
          at Test.run (/Users/tbeseda/dev/architect/tap-arc/node_modules/tape/lib/test.js:113:28)
          at Immediate.next [as _onImmediate] (/Users/tbeseda/dev/architect/tap-arc/node_modules/tape/lib/results.js:157:7)
          at process.processImmediate (node:internal/timers:476:21)
  ...
not ok 10 Regex: match fail
  ---
    operator: match
    expected: /^A/
    actual:   'atreides'
    at: Test.<anonymous> (/Users/tbeseda/dev/architect/tap-arc/test/mock/create-simple-tap.cjs:29:5)
    stack: |-
      Error: Regex: match fail
          at Test.assert [as _assert] (/Users/tbeseda/dev/architect/tap-arc/node_modules/tape/lib/test.js:479:48)
          at Test.match (/Users/tbeseda/dev/architect/tap-arc/node_modules/tape/lib/test.js:900:8)
          at Test.<anonymous> (/Users/tbeseda/dev/architect/tap-arc/test/mock/create-simple-tap.cjs:29:5)
          at Test.run (/Users/tbeseda/dev/architect/tap-arc/node_modules/tape/lib/test.js:113:28)
          at Immediate.next [as _onImmediate] (/Users/tbeseda/dev/architect/tap-arc/node_modules/tape/lib/results.js:157:7)
          at process.processImmediate (node:internal/timers:476:21)
  ...
# Nested tests
not ok 11 Sub-test partial array failure
  ---
    operator: deepEqual
    expected: [ 'foo', 'bar', 'foobar baz' ]
    actual:   [ 'foo', 'bar', 'baz' ]
    at: Test.<anonymous> (/Users/tbeseda/dev/architect/tap-arc/test/mock/create-simple-tap.cjs:32:8)
    stack: |-
      Error: Sub-test partial array failure
          at Test.assert [as _assert] (/Users/tbeseda/dev/architect/tap-arc/node_modules/tape/lib/test.js:479:48)
          at Test.tapeDeepEqual (/Users/tbeseda/dev/architect/tap-arc/node_modules/tape/lib/test.js:720:7)
          at Test.<anonymous> (/Users/tbeseda/dev/architect/tap-arc/test/mock/create-simple-tap.cjs:32:8)
          at Test.run (/Users/tbeseda/dev/architect/tap-arc/node_modules/tape/lib/test.js:113:28)
          at Test._end (/Users/tbeseda/dev/architect/tap-arc/node_modules/tape/lib/test.js:385:5)
          at Immediate._onImmediate (/Users/tbeseda/dev/architect/tap-arc/node_modules/tape/lib/test.js:154:9)
          at process.processImmediate (node:internal/timers:476:21)
  ...
not ok 12 A small object deepEqual failure
  ---
    operator: deepEqual
    expected: |-
      { a: 'bar', b: [ 420 ] }
    actual: |-
      { a: 'foo', b: [ 42 ], c: 'baz' }
    at: Test.<anonymous> (/Users/tbeseda/dev/architect/tap-arc/test/mock/create-simple-tap.cjs:37:8)
    stack: |-
      Error: A small object deepEqual failure
          at Test.assert [as _assert] (/Users/tbeseda/dev/architect/tap-arc/node_modules/tape/lib/test.js:479:48)
          at Test.tapeDeepEqual (/Users/tbeseda/dev/architect/tap-arc/node_modules/tape/lib/test.js:720:7)
          at Test.<anonymous> (/Users/tbeseda/dev/architect/tap-arc/test/mock/create-simple-tap.cjs:37:8)
          at Test.run (/Users/tbeseda/dev/architect/tap-arc/node_modules/tape/lib/test.js:113:28)
          at Test._end (/Users/tbeseda/dev/architect/tap-arc/node_modules/tape/lib/test.js:385:5)
          at Immediate._onImmediate (/Users/tbeseda/dev/architect/tap-arc/node_modules/tape/lib/test.js:154:9)
          at process.processImmediate (node:internal/timers:476:21)
  ...

1..12
# tests 12
# pass  7
# fail  5

